Group	snaptron_id	chromosome	start	end	length	strand	annotated	left_motif	right_motif	left_annotated	right_annotated	samples_count	coverage_sum	coverage_avg	coverage_median	source_dataset_id
L1_INCLUSION	5215401:73092733:26531475	chr8	116951120	117146818	195699	+	1	GT	AG	aC19,gC19,gC38,kG19,kG38,rG19,rG38,sG19,sG38,vG19	aC19,gC19,gC38,kG19,kG38,rG19,rG38,sG19,sG38,vG19	700	1473	2.10428571429	1.0	11,2,1
L1_INCLUSION	5215429:26531589:73092989	chr8	117007114	117146818	139705	+	0	GT	AG	aC19,gC19,gC38,kG19,kG38,rG19,rG38,sG19,sG38,vG19	aC19,gC19,gC38,kG19,kG38,rG19,rG38,sG19,sG38,vG19	532	994	1.86842105263	1.0	11,1,2
L1_INCLUSION	5215491:26531948:73093811	chr8	117135399	117146818	11420	+	1	GT	AG	aC19,cG19,cG38,gC19,gC38,kG19,kG38,rG19,rG38,sG19,sG38,vG19	aC19,gC19,gC38,kG19,kG38,rG19,rG38,sG19,sG38,vG19	2011	100191	49.8214818498	2.0	11,1,2
L1_INCLUSION	5215498:26531974:73093930	chr8	117145983	117146818	836	+	1	GT	AG	aC19	aC19,gC19,gC38,kG19,kG38,rG19,rG38,sG19,sG38,vG19	287	7406	25.8048780488	9.0	11,1,2
L1_INCLUSION	5215499:26531976:73093940	chr8	117146159	117146818	660	+	0	GT	AG	0	aC19,gC19,gC38,kG19,kG38,rG19,rG38,sG19,sG38,vG19	195	1544	7.91794871795	4.0	11,1,2
L1_INCLUSION	5215501:26531979:73093951	chr8	117146569	117146818	250	+	0	GT	AG	0	aC19,gC19,gC38,kG19,kG38,rG19,rG38,sG19,sG38,vG19	163	856	5.25153374233	3.0	11,1,2
L2_INCLUSION	5215503:26531980:73093960	chr8	117146849	117146953	105	+	1	GT	AG	aC19,gC19,gC38,kG19,kG38,rG19,rG38,sG19,sG38,vG19	aC19,cG19,cG38,gC19,gC38,kG19,kG38,rG19,rG38,sG19,sG38,vG19	3463	144776	41.8065261334	2.0	11,1,2
